// Vitest Snapshot v1, https://vitest.dev/guide/snapshot.html

exports[`Home Component > Home Snapshot 1`] = `
<div>
  <div
    class="MuiBox-root css-0"
  >
    <h2
      class="MuiTypography-root MuiTypography-h2 MuiTypography-gutterBottom css-1lcbsct-MuiTypography-root"
    >
      Best recipes
    </h2>
    <div
      data-testid="search-component"
    />
  </div>
</div>
`;
